version https://git-lfs.github.com/spec/v1
oid sha256:ab897fbdedfa502b2d839b6a56100887dccdc507555c282e59589e06300a62e2
size 1
