version https://git-lfs.github.com/spec/v1
oid sha256:c88b2c0c1e91f7f9a8548d065a1f9685436cca7c4cc347b4ec71bdfa39c70765
size 8568
