version https://git-lfs.github.com/spec/v1
oid sha256:25112dfcc12683d294b56e2f57eb61bc3d3494ba74ee3c10665d424f56fc916a
size 5
