version https://git-lfs.github.com/spec/v1
oid sha256:b48271e7971bef6d95a4c610ceb88735f721a6039a78831f1976a1599bbb7614
size 87
