version https://git-lfs.github.com/spec/v1
oid sha256:aec296afc23b314947c85e42fb0ab19c7c7b56e95795695b710de7bef8aa498a
size 14
